// Jest Snapshot v1, https://goo.gl/fbAQLP

exports[`ExampleSearchInput.vue renders correctly 1`] = `
<form>
  <bhtext-stub class="example-search-input"></bhtext-stub>
</form>
`;
