// Jest Snapshot v1, https://goo.gl/fbAQLP

exports[`BhDropdownItem.vue renders correctly 1`] = `<div class="bh-dropdown-item"></div>`;
