// Jest Snapshot v1, https://goo.gl/fbAQLP

exports[`EntityList.vue renders correctly 1`] = `undefined`;
