// Jest Snapshot v1, https://goo.gl/fbAQLP

exports[`EvaluateResultExampleItem.vue renders 1`] = `
<sentence-accordion-stub islight="true" type="is-success" thickborder="true" align="center" customaccordion="true" class="example fadeIn">
  <div>
    <p class="example-text"> hey</p>
  </div>
  <b-icon-stub icon="check-bold" class="level-right success"></b-icon-stub>
  <div class="example-infos">
    <p><strong> some specific text: </strong> <span> greet
        (1.00
        some specific text) </span> <strong class="success">[some specific text]</strong></p>
    <div class="example__entities"><strong> some specific text: </strong>
      <div>
        <p class="entity__text"><span> grassa some specific text
            <b-tag-stub rounded="true" tabstop="true" class="entity entity-mediterranean-sea">kids</b-tag-stub> <span>
              (0.80
              some specific text)
            </span></span> <strong class="failed">[some specific text]</strong></p>
      </div>
    </div>
    <!---->
  </div>
</sentence-accordion-stub>
`;
