// Jest Snapshot v1, https://goo.gl/fbAQLP

exports[`EvaluateResultExampleList.vue renders correctly 1`] = `
<div class="evaluate-result-example-list">
  <h3 class="evaluate-result-example-list__title">
    some specific text
  </h3>
  <p>
    some specific text
  </p>
  <div class="evaluate-result-example-list__loading">
    <loading-stub></loading-stub>
  </div>
  <div class="evaluate-result-example-list__pagination">
    <b-pagination-stub total="0" perpage="20" current="1" rangebefore="1" rangeafter="1" iconprev="chevron-left" iconnext="chevron-right" arianextlabel="Next page" ariapreviouslabel="Previous page" ariapagelabel="Page" ariacurrentlabel="Current page"></b-pagination-stub>
  </div>
</div>
`;
