// Jest Snapshot v1, https://goo.gl/fbAQLP

exports[`TranslationsStatus.vue renders correctly 1`] = `<div class="columns is-multiline"></div>`;
