// Jest Snapshot v1, https://goo.gl/fbAQLP

exports[`SafariAlert.vue renders correctly 1`] = `
<div class="safari-alert">
  <div class="safari-alert__content">
    <article class="safari-alert__content__article">
      <h3 class="safari-alert__content__title">
        some specific text
      </h3>
      <p class="safari-alert__content__text">
        some specific text
      </p>
    </article>
    <div class="safari-alert__content__grid"><a href="https://www.mozilla.org/pt-BR/firefox/new/"><img src="@/assets/imgs/mozila.svg" alt="mozila" class="safari-alert__content__browser-icon">
        <p>Firefox</p>
      </a> <a href="https://www.google.com/intl/pt-BR_ALL/chrome/"><img src="@/assets/imgs/chrome.svg" alt="chrome" class="safari-alert__content__browser-icon">
        <p>Chrome</p>
      </a> <a href="https://www.opera.com/pt-br/download"><img src="@/assets/imgs/opera.svg" alt="opera" class="safari-alert__content__browser-icon">
        <p>Opera</p>
      </a></div>
    <b-button-stub size="normal" nativetype="button" tag="button" class="safari-alert__content__button">
      some specific text
    </b-button-stub>
  </div>
</div>
`;
