// Jest Snapshot v1, https://goo.gl/fbAQLP

exports[`BooleanInput.vue renders correctly 1`] = `<b-switch-stub truevalue="true" rounded="true">No</b-switch-stub>`;
