// Jest Snapshot v1, https://goo.gl/fbAQLP

exports[`ErrorMessage.vue renders correctly 1`] = `
<div class="error-message">
  <div class="error-message-icons">
    <b-icon-stub icon="emoticon-sad" customsize="error-message-icons-sad-size" class="error-message-icons-sad"></b-icon-stub>
  </div>
  <div class="error-message-detail">Error 1</div>
</div>
`;
