// Jest Snapshot v1, https://goo.gl/fbAQLP

exports[`ExampleTextWithHighlightedEntitiesInput.vue renders correctly 1`] = `
<div class="field">
  <div class="example-txt-w-highlighted-entities">
    <div class="example-txt-w-highlighted-entities__input-wrapper">
      <div class="field">
        <div class="control has-icons-right is-family-primary">
          <div class="example-txt-w-highlighted-entities__entity"><span class="example-txt-w-highlighted-entities__entity__before"></span><span class="entity-selected example-txt-w-highlighted-entities__entity__text"></span></div>
          <self-adjust-input-stub value="" transparent="true" size="normal">
            <!---->
          </self-adjust-input-stub>
        </div>
      </div>
    </div>
  </div>
</div>
`;

exports[`ExampleTextWithHighlightedEntitiesInput.vue set text with entity renders correctly 1`] = `
<div class="field">
  <div class="example-txt-w-highlighted-entities">
    <div class="example-txt-w-highlighted-entities__input-wrapper">
      <div class="field">
        <div class="control has-icons-right is-family-primary">
          <div class="example-txt-w-highlighted-entities__entity"><span class="example-txt-w-highlighted-entities__entity__before"></span><span class="entity-mediterranean-sea example-txt-w-highlighted-entities__entity__text"></span></div>
          <div class="example-txt-w-highlighted-entities__entity"><span class="example-txt-w-highlighted-entities__entity__before"></span><span class="entity-selected example-txt-w-highlighted-entities__entity__text"></span></div>
          <self-adjust-input-stub value="" transparent="true" size="normal">
            <!---->
          </self-adjust-input-stub>
        </div>
      </div>
    </div>
  </div>
</div>
`;
