// Jest Snapshot v1, https://goo.gl/fbAQLP

exports[`LanguageAppendSelectInput.vue renders correctly 1`] = `
<b-dropdown-stub scrollable="true" maxheight="175" position="is-bottom-left" mobilemodal="true" animation="fade" closeonclick="true" canclose="true" class="language-append-select-input"><span class="clickable language-append-select-input__language-select"><b-icon-stub icon="earth" size="is-small" class="language-icon language-icon__menu__no-val"></b-icon-stub> <b-icon-stub icon="menu-down" size="is-small" class="clickable align language-icon language-icon__menu"></b-icon-stub></span>
  <b-dropdown-item-stub focusable="true" ariarole=""><span>English</span></b-dropdown-item-stub>
  <b-dropdown-item-stub focusable="true" ariarole=""><span>Portuguese</span></b-dropdown-item-stub>
</b-dropdown-stub>
`;
