// Jest Snapshot v1, https://goo.gl/fbAQLP

exports[`BaseEvaluateResults.vue renders correctly 1`] = `<p>some specific text</p>`;
