// Jest Snapshot v1, https://goo.gl/fbAQLP

exports[`SentenceAccordion.vue renders correctly 1`] = `
<div class="expander">
  <div class="expander__trigger align-center before-border cursor-pointer border">
    <div class="expander__trigger__check"></div>
    <div class="expander__trigger__header"></div>
    <div class="expander__trigger__options"></div>
  </div>
  <transition-stub name="fade">
    <div class="expander__body" style="display: none;"></div>
  </transition-stub>
</div>
`;
