// Jest Snapshot v1, https://goo.gl/fbAQLP

exports[`ResetPasswordForm.vue renders correctly 1`] = `
<form>
  <messages-stub msgs=""></messages-stub>
  <loading-stub></loading-stub>
  <!---->
  <div class="field">
    <div class="control"><button type="submit" class="button is-primary">Reset password</button></div>
  </div>
</form>
`;
