// Jest Snapshot v1, https://goo.gl/fbAQLP

exports[`EvaluateVersionItem.vue renders 1`] = `
<div class="version-test-item">
  <div class="version-test-item__wrapper">
    <div class="version-test-item__wrapper__check">
      <b-checkbox-stub truevalue="true"></b-checkbox-stub>
    </div>
    <div class="version-test-item__wrapper__info">
      <evaluate-type-tag-stub evaluatetype="Manual"></evaluate-type-tag-stub>
      <language-badge-stub language="pt" main="true" class="version-test-item__wrapper__info__item"></language-badge-stub> <span class="version-test-item__wrapper__info__item">
        some specific text #2
      </span> <small class="version-test-item__wrapper__info__item">
        in 9 months</small>
    </div>
    <div class="version-test-item__wrapper__links">
      <router-link to="[object Object]"><a> some specific text </a></router-link>/
      <router-link to="[object Object]"><a> some specific text </a></router-link>
    </div>
  </div>
</div>
`;
